08:38:15 **** Incremental Build of configuration Debug for project struct_led_toggle ****
make -j12 all 
arm-none-eabi-gcc "../Src/main.c" -mcpu=cortex-m4 -std=gnu11 -g3 -DDEBUG -DSTM32F411VETx -DSTM32 -DSTM32F4 -DSTM32F411E_DISCO -c -I../Inc -O0 -ffunction-sections -fdata-sections -Wall -fstack-usage -fcyclomatic-complexity -MMD -MP -MF"Src/main.d" -MT"Src/main.o" --specs=nano.specs -mfloat-abi=soft -mthumb -o "Src/main.o"
arm-none-eabi-gcc -o "struct_led_toggle.elf" @"objects.list"   -mcpu=cortex-m4 -T"C:\Users\hp\Desktop\gnss viewer\embededc\my_workspace\target\struct_led_toggle\STM32F411VETX_FLASH.ld" --specs=nosys.specs -Wl,-Map="struct_led_toggle.map" -Wl,--gc-sections -static --specs=nano.specs -mfloat-abi=soft -mthumb -Wl,--start-group -lc -lm -Wl,--end-group
Finished building target: struct_led_toggle.elf
 
arm-none-eabi-size  struct_led_toggle.elf 
arm-none-eabi-objdump -h -S struct_led_toggle.elf  > "struct_led_toggle.list"
   text	   data	    bss	    dec	    hex	filename
    780	      0	   1568	   2348	    92c	struct_led_toggle.elf
Finished building: default.size.stdout
 
Finished building: struct_led_toggle.list
 
08:38:42 **** Incremental Build of configuration Debug for project struct_led_toggle ****
make -j12 all 
arm-none-eabi-size  struct_led_toggle.elf 
   text	   data	    bss	    dec	    hex	filename
    780	      0	   1568	   2348	    92c	struct_led_toggle.elf
Finished building: default.size.stdout
 
08:39:36 **** Incremental Build of configuration Debug for project struct_led_toggle ****
make -j12 all 
arm-none-eabi-size  struct_led_toggle.elf 
   text	   data	    bss	    dec	    hex	filename
    780	      0	   1568	   2348	    92c	struct_led_toggle.elf
Finished building: default.size.stdout
 
